// Jest Snapshot v1, https://goo.gl/fbAQLP

exports[`should create new game 1`] = `
Array [
  Array [
    Object {
      "filled": true,
      "value": 9,
      "x": 0,
      "y": 0,
    },
    Object {
      "filled": false,
      "value": 0,
      "x": 0,
      "y": 1,
    },
    Object {
      "filled": false,
      "value": 0,
      "x": 0,
      "y": 2,
    },
    Object {
      "filled": false,
      "value": 0,
      "x": 0,
      "y": 3,
    },
    Object {
      "filled": false,
      "value": 0,
      "x": 0,
      "y": 4,
    },
    Object {
      "filled": false,
      "value": 0,
      "x": 0,
      "y": 5,
    },
    Object {
      "filled": false,
      "value": 0,
      "x": 0,
      "y": 6,
    },
    Object {
      "filled": false,
      "value": 0,
      "x": 0,
      "y": 7,
    },
    Object {
      "filled": false,
      "value": 0,
      "x": 0,
      "y": 8,
    },
  ],
  Array [
    Object {
      "filled": false,
      "value": 0,
      "x": 1,
      "y": 0,
    },
    Object {
      "filled": false,
      "value": 0,
      "x": 1,
      "y": 1,
    },
    Object {
      "filled": false,
      "value": 0,
      "x": 1,
      "y": 2,
    },
    Object {
      "filled": false,
      "value": 0,
      "x": 1,
      "y": 3,
    },
    Object {
      "filled": false,
      "value": 0,
      "x": 1,
      "y": 4,
    },
    Object {
      "filled": false,
      "value": 0,
      "x": 1,
      "y": 5,
    },
    Object {
      "filled": false,
      "value": 0,
      "x": 1,
      "y": 6,
    },
    Object {
      "filled": false,
      "value": 0,
      "x": 1,
      "y": 7,
    },
    Object {
      "filled": false,
      "value": 0,
      "x": 1,
      "y": 8,
    },
  ],
  Array [
    Object {
      "filled": false,
      "value": 0,
      "x": 2,
      "y": 0,
    },
    Object {
      "filled": false,
      "value": 0,
      "x": 2,
      "y": 1,
    },
    Object {
      "filled": false,
      "value": 0,
      "x": 2,
      "y": 2,
    },
    Object {
      "filled": false,
      "value": 0,
      "x": 2,
      "y": 3,
    },
    Object {
      "filled": false,
      "value": 0,
      "x": 2,
      "y": 4,
    },
    Object {
      "filled": false,
      "value": 0,
      "x": 2,
      "y": 5,
    },
    Object {
      "filled": false,
      "value": 0,
      "x": 2,
      "y": 6,
    },
    Object {
      "filled": false,
      "value": 0,
      "x": 2,
      "y": 7,
    },
    Object {
      "filled": false,
      "value": 0,
      "x": 2,
      "y": 8,
    },
  ],
  Array [
    Object {
      "filled": false,
      "value": 0,
      "x": 3,
      "y": 0,
    },
    Object {
      "filled": false,
      "value": 0,
      "x": 3,
      "y": 1,
    },
    Object {
      "filled": false,
      "value": 0,
      "x": 3,
      "y": 2,
    },
    Object {
      "filled": false,
      "value": 0,
      "x": 3,
      "y": 3,
    },
    Object {
      "filled": false,
      "value": 0,
      "x": 3,
      "y": 4,
    },
    Object {
      "filled": false,
      "value": 0,
      "x": 3,
      "y": 5,
    },
    Object {
      "filled": false,
      "value": 0,
      "x": 3,
      "y": 6,
    },
    Object {
      "filled": false,
      "value": 0,
      "x": 3,
      "y": 7,
    },
    Object {
      "filled": false,
      "value": 0,
      "x": 3,
      "y": 8,
    },
  ],
  Array [
    Object {
      "filled": false,
      "value": 0,
      "x": 4,
      "y": 0,
    },
    Object {
      "filled": false,
      "value": 0,
      "x": 4,
      "y": 1,
    },
    Object {
      "filled": false,
      "value": 0,
      "x": 4,
      "y": 2,
    },
    Object {
      "filled": false,
      "value": 0,
      "x": 4,
      "y": 3,
    },
    Object {
      "filled": false,
      "value": 0,
      "x": 4,
      "y": 4,
    },
    Object {
      "filled": false,
      "value": 0,
      "x": 4,
      "y": 5,
    },
    Object {
      "filled": false,
      "value": 0,
      "x": 4,
      "y": 6,
    },
    Object {
      "filled": false,
      "value": 0,
      "x": 4,
      "y": 7,
    },
    Object {
      "filled": false,
      "value": 0,
      "x": 4,
      "y": 8,
    },
  ],
  Array [
    Object {
      "filled": false,
      "value": 0,
      "x": 5,
      "y": 0,
    },
    Object {
      "filled": false,
      "value": 0,
      "x": 5,
      "y": 1,
    },
    Object {
      "filled": false,
      "value": 0,
      "x": 5,
      "y": 2,
    },
    Object {
      "filled": false,
      "value": 0,
      "x": 5,
      "y": 3,
    },
    Object {
      "filled": false,
      "value": 0,
      "x": 5,
      "y": 4,
    },
    Object {
      "filled": false,
      "value": 0,
      "x": 5,
      "y": 5,
    },
    Object {
      "filled": false,
      "value": 0,
      "x": 5,
      "y": 6,
    },
    Object {
      "filled": false,
      "value": 0,
      "x": 5,
      "y": 7,
    },
    Object {
      "filled": false,
      "value": 0,
      "x": 5,
      "y": 8,
    },
  ],
  Array [
    Object {
      "filled": false,
      "value": 0,
      "x": 6,
      "y": 0,
    },
    Object {
      "filled": false,
      "value": 0,
      "x": 6,
      "y": 1,
    },
    Object {
      "filled": false,
      "value": 0,
      "x": 6,
      "y": 2,
    },
    Object {
      "filled": false,
      "value": 0,
      "x": 6,
      "y": 3,
    },
    Object {
      "filled": false,
      "value": 0,
      "x": 6,
      "y": 4,
    },
    Object {
      "filled": false,
      "value": 0,
      "x": 6,
      "y": 5,
    },
    Object {
      "filled": false,
      "value": 0,
      "x": 6,
      "y": 6,
    },
    Object {
      "filled": false,
      "value": 0,
      "x": 6,
      "y": 7,
    },
    Object {
      "filled": false,
      "value": 0,
      "x": 6,
      "y": 8,
    },
  ],
  Array [
    Object {
      "filled": false,
      "value": 0,
      "x": 7,
      "y": 0,
    },
    Object {
      "filled": false,
      "value": 0,
      "x": 7,
      "y": 1,
    },
    Object {
      "filled": false,
      "value": 0,
      "x": 7,
      "y": 2,
    },
    Object {
      "filled": false,
      "value": 0,
      "x": 7,
      "y": 3,
    },
    Object {
      "filled": false,
      "value": 0,
      "x": 7,
      "y": 4,
    },
    Object {
      "filled": false,
      "value": 0,
      "x": 7,
      "y": 5,
    },
    Object {
      "filled": false,
      "value": 0,
      "x": 7,
      "y": 6,
    },
    Object {
      "filled": false,
      "value": 0,
      "x": 7,
      "y": 7,
    },
    Object {
      "filled": false,
      "value": 0,
      "x": 7,
      "y": 8,
    },
  ],
  Array [
    Object {
      "filled": false,
      "value": 0,
      "x": 8,
      "y": 0,
    },
    Object {
      "filled": false,
      "value": 0,
      "x": 8,
      "y": 1,
    },
    Object {
      "filled": false,
      "value": 0,
      "x": 8,
      "y": 2,
    },
    Object {
      "filled": false,
      "value": 0,
      "x": 8,
      "y": 3,
    },
    Object {
      "filled": false,
      "value": 0,
      "x": 8,
      "y": 4,
    },
    Object {
      "filled": false,
      "value": 0,
      "x": 8,
      "y": 5,
    },
    Object {
      "filled": false,
      "value": 0,
      "x": 8,
      "y": 6,
    },
    Object {
      "filled": false,
      "value": 0,
      "x": 8,
      "y": 7,
    },
    Object {
      "filled": false,
      "value": 0,
      "x": 8,
      "y": 8,
    },
  ],
]
`;
